LTspice 24.1.10 for Windows
Circuit: C:\Users\QXZ2UV6\Documents\LTspice\Capacitor_3.net
Start Time: Tue Feb  3 10:52:14 2026
solver = Normal
Maximum thread count: 12
tnom = 27
temp = -40
method = trap
WARNING: Node n001 is floating.
WARNING: Node u1:6 is floating.
WARNING: Node u2:6 is floating.
WARNING: Node u3:6 is floating.
WARNING: Node u4:6 is floating.

.OP point found by inspection.
.step temp=-40°
.step temp=-20°
.step temp=20°
.step temp=85°
.step temp=125°
Total elapsed time: 0.154 seconds.

Files loaded:
C:\Users\QXZ2UV6\Documents\LTspice\Capacitor_3.net
C:\Users\QXZ2UV6\Downloads\EMVH250ARA101MF80G\EMVH250ARA101MF80G.lib

