LTspice 24.1.8 for Windows
Circuit: C:\Users\QXZ2UV6\Documents\LTspice\Draft5.net
Start Time: Thu Jun 12 14:03:44 2025
solver = Normal
Maximum thread count: 12
tnom = 27
temp = 27
method = trap
Instance "M1": Length shorter than recommended for a level 1 MOSFET.
Instance "M1": Width narrower than recommended for a level 1 MOSFET.
.OP point found by inspection.
.step V2=0 
.step V2=0.2 
.step V2=0.4 
.step V2=0.6 
.step V2=0.8 
.step V2=1 
.step V2=1.2 
.step V2=1.4 
.step V2=1.6 
.step V2=1.8 
.step V2=2 
Total elapsed time: 0.329 seconds.

Files loaded:
C:\Users\QXZ2UV6\Documents\LTspice\Draft5.net
C:\Users\QXZ2UV6\AppData\Local\LTspice\lib\cmp\standard.mos

