LTspice 24.1.8 for Windows
Circuit: C:\Users\QXZ2UV6\Documents\LTspice\Draft4.net
Start Time: Thu Jun 12 13:48:39 2025
solver = Normal
Maximum thread count: 12
tnom = 27
temp = 27
method = trap
Instance "M1": Length shorter than recommended for a level 1 MOSFET.
Instance "M1": Width narrower than recommended for a level 1 MOSFET.
.OP point found by inspection.
.step V1=0 
.step V1=0.2 
.step V1=0.4 
.step V1=0.6 
.step V1=0.8 
.step V1=1 
.step V1=1.2 
.step V1=1.4 
.step V1=1.6 
.step V1=1.8 
Total elapsed time: 0.238 seconds.

Files loaded:
C:\Users\QXZ2UV6\Documents\LTspice\Draft4.net
C:\Users\QXZ2UV6\AppData\Local\LTspice\lib\cmp\standard.mos

