LTspice 24.1.10 for Windows
Circuit: C:\Users\QXZ2UV6\Documents\LTspice\Draft24.net
Start Time: Fri Jun  5 15:15:25 2026
solver = Normal
Maximum thread count: 12
tnom = 27
temp = -55
method = trap
Direct Newton iteration for .op point succeeded.
.step run=1
.step run=2
.step run=3
.step run=4
.step run=5
.step run=6
.step run=7
.step run=8
.step run=9
.step run=10
.step run=11
.step run=12
.step run=13
.step run=14
.step run=15
.step run=16
.step run=17
.step run=18
.step run=19
.step run=20
Total elapsed time: 62.166 seconds.

Files loaded:
C:\Users\QXZ2UV6\Documents\LTspice\Draft24.net

